// Jest Snapshot v1, https://goo.gl/fbAQLP

exports[`CreateComponent rendering component should match snapshot 1`] = `
<ogm-create
  __ngContext__={[Function LRootView]}
  ogm$={[Function BehaviorSubject]}
  ogmService={[Function OgmService]}
  snackBar={[Function MatSnackBar]}
  title={[Function Title]}
>
  <ogm-number>
    <div>
      "+++   /    /     +++"
    </div>
    <div>
      
    </div>
  </ogm-number><ogm-input
    placeholdermessage="vul een getal in van maximaal 10 cijfers"
  >
    <div>
      
    </div>
    <div>
      "vul een getal in van maximaal 10 cijfers"
    </div>
  </ogm-input>
</ogm-create>
`;
