// Jest Snapshot v1, https://goo.gl/fbAQLP

exports[`ValidateComponent rendering component should match snapshot 1`] = `
<ogm-validate
  __ngContext__={[Function Number]}
  isValid$={[Function Subject]}
  ogm$={[Function BehaviorSubject]}
  ogmService={[Function OgmService]}
  title={[Function Title]}
>
  <ogm-number>
    <div>
      "+++   /    /     +++"
    </div>
    <div>
      null
    </div>
  </ogm-number><ogm-input
    placeholdermessage="vul de 12 cijfers in van uw gestructureerde mededeling"
  >
    <div>
      true
    </div>
    <div>
      "vul de 12 cijfers in van uw gestructureerde mededeling"
    </div>
  </ogm-input>
</ogm-validate>
`;
