// Jest Snapshot v1, https://goo.gl/fbAQLP

exports[`AppComponent rendering component should match snapshot 1`] = `
<ogm-app-root>
  <ogm-navigation /><div
    class="main"
  >
    <div
      class="content"
    >
      <router-outlet />
      <mat-card
        class="mat-mdc-card mdc-card wiki"
      >
        <mat-card-content
          class="mat-mdc-card-content"
        >
          <p>
             Een overschrijving met gestructureerde mededeling of OGM is een combinatie van drie groepen van drie, vier en vijf cijfers gescheiden door een schuine streep. 
          </p>
          <p>
             Deze mededeling wordt in België vaak gebruikt om overschrijvingen automatisch te kunnen laten verwerken. Zo weet het computersysteem van de ontvanger onmiddellijk welke factuur betaald wordt. Op deze manier is er geen personeel nodig om te gaan kijken welke rekeningen vereffend werden. 
          </p>
          <p>
             De eerste tien cijfers zijn bijvoorbeeld een klantennummer of een factuurnummer. De laatste twee cijfers vormen het controlegetal dat verkregen wordt door van de voorgaande tien cijfers de rest bij Euclidische deling door 97 te berekenen (modulo 97). 
            <em>
              Uitzondering: Indien de rest 0 bedraagt, dan wordt als controlegetal 97 gebruikt.
            </em>
          </p>
          <p>
            Voor en achter de cijfers worden drie plussen (+++) of sterretjes (***) gezet.
          </p>
          <p>
             Bron: 
            <a
              href="https://nl.wikipedia.org/wiki/Gestructureerde_mededeling"
              rel="noopener noreferrer"
              target="_blank"
              title="Source reference"
            >
              [wikipedia]
            </a>
          </p>
        </mat-card-content>
      </mat-card>
    </div>
    <div
      class="copyright"
    >
      <small>
        Developed with 
        <fa-icon
          style="color: red;"
        >
          <div>
            [
    "fas",
    "heart"
  ]
          </div>
        </fa-icon>
         by 
        <a
          href="https://twitter.com/maartentibau"
          rel="noopener noreferrer"
          target="_blank"
        >
          Maarten Tibau
        </a>
        <span>
          •
        </span>
        <a
          href="https://www.buymeacoffee.com/maartentibau"
          rel="noopener noreferrer"
          target="_blank"
        >
          <img
            height="13"
            src="assets/images/buy-me-a-coffee.svg"
          />
           Buy me a coffee
        </a>
        <span>
          •
        </span>
         Source code on 
        <a
          href="https://github.com/maartentibau/gestructureerde-mededeling"
          rel="noopener noreferrer"
          target="_blank"
        >
          <fa-icon
            style="color: black;"
          >
            <div>
              [
    "fab",
    "github"
  ]
            </div>
          </fa-icon>
           GitHub
        </a>
      </small>
    </div>
  </div>
</ogm-app-root>
`;
