// Vitest Snapshot v1, https://vitest.dev/guide/snapshot.html

exports[`NavigationComponent > should create 1`] = `
<div
  _nghost-a-c3567941360=""
  id="root0"
  ng-version="21.0.0"
>
  <mat-toolbar
    _ngcontent-a-c3567941360=""
    class="mat-toolbar mat-toolbar-multiple-rows"
  >
    <mat-toolbar-row
      _ngcontent-a-c3567941360=""
      class="mat-toolbar-row"
    >
      <h1
        _ngcontent-a-c3567941360=""
      >
        <a
          _ngcontent-a-c3567941360=""
          aria-label="Ga terug naar de homepage"
          class="mdc-button mat-mdc-button-base mat-mdc-button mat-unthemed"
          href="/"
          mat-button=""
          mat-ripple-loader-class-name="mat-mdc-button-ripple"
          mat-ripple-loader-uninitialized=""
          routerlink="/"
          title="Gestructureerde Mededeling"
        >
          <span
            class="mat-mdc-button-persistent-ripple mdc-button__ripple"
          />
          <span
            class="mdc-button__label"
          >
            
          </span>
          <span
            class="mat-focus-indicator"
          />
          <span
            class="mat-mdc-button-touch-target"
          />
        </a>
      </h1>
      <span
        _ngcontent-a-c3567941360=""
        class="flex-spacer"
      />
      <nav
        _ngcontent-a-c3567941360=""
      >
        <!--container-->
        <!--container-->
        <!--container-->
      </nav>
    </mat-toolbar-row>
  </mat-toolbar>
</div>
`;
