// Vitest Snapshot v1, https://vitest.dev/guide/snapshot.html

exports[`CreateComponent > rendering component > should match snapshot 1`] = `
<div
  _nghost-a-c2637602001=""
  id="root1"
  ng-version="21.0.0"
>
  <ogm-number
    _ngcontent-a-c2637602001=""
  >
    <div>
      
    </div>
    <div>
      
    </div>
  </ogm-number>
  <ogm-input
    _ngcontent-a-c2637602001=""
    placeholdermessage="vul een getal in van maximaal 10 cijfers"
  >
    <div>
      
    </div>
    <div>
      
    </div>
  </ogm-input>
  <ogm-controls
    _ngcontent-a-c2637602001=""
  >
    <div>
      
    </div>
    <div>
      
    </div>
    <div>
      
    </div>
    <div>
      
    </div>
  </ogm-controls>
  <!--container-->
</div>
`;
