// Vitest Snapshot v1, https://vitest.dev/guide/snapshot.html

exports[`GenerateComponent > rendering component > should match snapshot 1`] = `
<div
  _nghost-a-c2473807577=""
  id="root1"
  ng-version="21.0.0"
>
  <ogm-number
    _ngcontent-a-c2473807577=""
  >
    <div>
      
    </div>
    <div>
      
    </div>
  </ogm-number>
  <ogm-controls
    _ngcontent-a-c2473807577=""
  >
    <div>
      
    </div>
    <div>
      
    </div>
    <div>
      
    </div>
    <div>
      
    </div>
  </ogm-controls>
</div>
`;
