// Jest Snapshot v1, https://goo.gl/fbAQLP

exports[`ControlsComponent rendering component should match snapshot 1`] = `
<ogm-controls
  clipboard={[Function Clipboard]}
  copyNumber={[Function Function]}
  copyNumberClick={[Function OutputEmitterRef]}
  copyOgm={[Function Function]}
  copyOgmClick={[Function OutputEmitterRef]}
  isSmallScreen$="undefined"
  ogm={[Function Function]}
  refresh={[Function Function]}
  refreshClick={[Function OutputEmitterRef]}
>
  <div
    class="controls large"
  >
  </div>
</ogm-controls>
`;
