// Vitest Snapshot v1, https://vitest.dev/guide/snapshot.html

exports[`ControlsComponent > rendering component > should match snapshot 1`] = `
<div
  _nghost-a-c1452038620=""
  id="root1"
  ng-version="21.0.0"
>
  <!--container-->
  <div
    _ngcontent-a-c1452038620=""
    class="controls large"
  >
    <!--container-->
    <!--container-->
    <!--container-->
  </div>
  <!--container-->
</div>
`;
