// Vitest Snapshot v1, https://vitest.dev/guide/snapshot.html

exports[`MainComponent > create & render > should render 1`] = `
<div
  _nghost-a-c3272310389=""
  id="root1"
  ng-version="21.0.0"
>
  <!--container-->
  <div
    _ngcontent-a-c3272310389=""
    class="shortcuts large"
  >
    <a
      _ngcontent-a-c3272310389=""
      class="mdc-button mat-mdc-button-base mdc-button--raised mat-mdc-raised-button mat-primary"
      color="primary"
      disableripple=""
      href="/create"
      mat-raised-button=""
      mat-ripple-loader-class-name="mat-mdc-button-ripple"
      mat-ripple-loader-disabled=""
      mat-ripple-loader-uninitialized=""
      title="Maak uw eigen gestructureerde mededeling"
    >
      <span
        class="mat-mdc-button-persistent-ripple mdc-button__ripple"
      />
      <span
        class="mdc-button__label"
      >
        <fa-icon
          _ngcontent-a-c3272310389=""
        >
          <div>
            
          </div>
        </fa-icon>
        Zelf Mededeling Maken
      </span>
      <span
        class="mat-focus-indicator"
      />
      <span
        class="mat-mdc-button-touch-target"
      />
    </a>
    <a
      _ngcontent-a-c3272310389=""
      class="mdc-button mat-mdc-button-base mdc-button--raised mat-mdc-raised-button mat-unthemed"
      disableripple=""
      href="/generate"
      mat-raised-button=""
      mat-ripple-loader-class-name="mat-mdc-button-ripple"
      mat-ripple-loader-disabled=""
      mat-ripple-loader-uninitialized=""
      title="Genereer een willekeurige gestructureerde mededeling"
    >
      <span
        class="mat-mdc-button-persistent-ripple mdc-button__ripple"
      />
      <span
        class="mdc-button__label"
      >
        <fa-icon
          _ngcontent-a-c3272310389=""
        >
          <div>
            
          </div>
        </fa-icon>
        Genereer Mededeling
      </span>
      <span
        class="mat-focus-indicator"
      />
      <span
        class="mat-mdc-button-touch-target"
      />
    </a>
    <a
      _ngcontent-a-c3272310389=""
      class="mdc-button mat-mdc-button-base mdc-button--raised mat-mdc-raised-button mat-unthemed"
      disableripple=""
      href="/validate"
      mat-raised-button=""
      mat-ripple-loader-class-name="mat-mdc-button-ripple"
      mat-ripple-loader-disabled=""
      mat-ripple-loader-uninitialized=""
      title="Controleer een gestructureerde mededeling"
    >
      <span
        class="mat-mdc-button-persistent-ripple mdc-button__ripple"
      />
      <span
        class="mdc-button__label"
      >
        <fa-icon
          _ngcontent-a-c3272310389=""
        >
          <div>
            
          </div>
        </fa-icon>
        Controleer Mededeling
      </span>
      <span
        class="mat-focus-indicator"
      />
      <span
        class="mat-mdc-button-touch-target"
      />
    </a>
  </div>
  <!--container-->
</div>
`;
